/Users/devjhaveri/STM32Cube/Example/FDCAN_Com_Polling/Src/main.c:105:6:writeINA219	32	static
/Users/devjhaveri/STM32Cube/Example/FDCAN_Com_Polling/Src/main.c:113:14:readINA219	40	static
/Users/devjhaveri/STM32Cube/Example/FDCAN_Com_Polling/Src/main.c:120:6:init_ina219	16	static
/Users/devjhaveri/STM32Cube/Example/FDCAN_Com_Polling/Src/main.c:127:7:read_ina219	24	static
/Users/devjhaveri/STM32Cube/Example/FDCAN_Com_Polling/Src/main.c:132:10:read_pot	16	static
/Users/devjhaveri/STM32Cube/Example/FDCAN_Com_Polling/Src/main.c:142:6:set_pwm	16	static
/Users/devjhaveri/STM32Cube/Example/FDCAN_Com_Polling/Src/main.c:154:6:HAL_TIM_PeriodElapsedCallback	40	static
/Users/devjhaveri/STM32Cube/Example/FDCAN_Com_Polling/Src/main.c:198:5:main	56	static,ignoring_inline_asm
/Users/devjhaveri/STM32Cube/Example/FDCAN_Com_Polling/Src/main.c:352:6:SystemClock_Config	64	static
/Users/devjhaveri/STM32Cube/Example/FDCAN_Com_Polling/Src/main.c:391:13:MX_ADC1_Init	24	static
/Users/devjhaveri/STM32Cube/Example/FDCAN_Com_Polling/Src/main.c:448:13:MX_FDCAN1_Init	8	static
/Users/devjhaveri/STM32Cube/Example/FDCAN_Com_Polling/Src/main.c:491:13:MX_I2C2_Init	8	static
/Users/devjhaveri/STM32Cube/Example/FDCAN_Com_Polling/Src/main.c:539:13:MX_TIM1_Init	104	static
/Users/devjhaveri/STM32Cube/Example/FDCAN_Com_Polling/Src/main.c:615:13:MX_TIM2_Init	40	static
/Users/devjhaveri/STM32Cube/Example/FDCAN_Com_Polling/Src/main.c:660:13:MX_GPIO_Init	16	static
/Users/devjhaveri/STM32Cube/Example/FDCAN_Com_Polling/Src/main.c:680:6:BSP_PB_Callback	16	static
/Users/devjhaveri/STM32Cube/Example/FDCAN_Com_Polling/Src/main.c:706:17:BufferCmp8b	24	static
/Users/devjhaveri/STM32Cube/Example/FDCAN_Com_Polling/Src/main.c:726:6:Error_Handler	8	static
