/Users/devjhaveri/STM32Cube/Example/FDCAN_Com_Polling/Src/main.c:105:6:writeINA219	1
/Users/devjhaveri/STM32Cube/Example/FDCAN_Com_Polling/Src/main.c:113:14:readINA219	1
/Users/devjhaveri/STM32Cube/Example/FDCAN_Com_Polling/Src/main.c:120:6:init_ina219	1
/Users/devjhaveri/STM32Cube/Example/FDCAN_Com_Polling/Src/main.c:127:7:read_ina219	1
/Users/devjhaveri/STM32Cube/Example/FDCAN_Com_Polling/Src/main.c:132:10:read_pot	2
/Users/devjhaveri/STM32Cube/Example/FDCAN_Com_Polling/Src/main.c:142:6:set_pwm	4
/Users/devjhaveri/STM32Cube/Example/FDCAN_Com_Polling/Src/main.c:154:6:HAL_TIM_PeriodElapsedCallback	8
/Users/devjhaveri/STM32Cube/Example/FDCAN_Com_Polling/Src/main.c:198:5:main	10
/Users/devjhaveri/STM32Cube/Example/FDCAN_Com_Polling/Src/main.c:352:6:SystemClock_Config	3
/Users/devjhaveri/STM32Cube/Example/FDCAN_Com_Polling/Src/main.c:391:13:MX_ADC1_Init	3
/Users/devjhaveri/STM32Cube/Example/FDCAN_Com_Polling/Src/main.c:448:13:MX_FDCAN1_Init	2
/Users/devjhaveri/STM32Cube/Example/FDCAN_Com_Polling/Src/main.c:491:13:MX_I2C2_Init	4
/Users/devjhaveri/STM32Cube/Example/FDCAN_Com_Polling/Src/main.c:539:13:MX_TIM1_Init	6
/Users/devjhaveri/STM32Cube/Example/FDCAN_Com_Polling/Src/main.c:615:13:MX_TIM2_Init	4
/Users/devjhaveri/STM32Cube/Example/FDCAN_Com_Polling/Src/main.c:660:13:MX_GPIO_Init	1
/Users/devjhaveri/STM32Cube/Example/FDCAN_Com_Polling/Src/main.c:680:6:BSP_PB_Callback	3
/Users/devjhaveri/STM32Cube/Example/FDCAN_Com_Polling/Src/main.c:706:17:BufferCmp8b	3
/Users/devjhaveri/STM32Cube/Example/FDCAN_Com_Polling/Src/main.c:726:6:Error_Handler	1
